Initializing avm...
Ready.

1
1
1
1
1
1
1
0
0
0
0
0
0
0
1
-1
24
24
0
0
2
1
0
1
bye.
