Initializing avm...
Ready.

111
222
1
0
3
300
100
888
91
92
-> 0
-> 11
94
-> 12
-> 13
95
bye.
