Initializing avm...
Ready.

calling ftest:
123
test ok!
Done.
bye.
