Initializing avm...
Ready.

1
3
0
3
1
1
1
0
1
bye.
