Initializing avm...
Ready.

ERROR: unrecognized bytecode: '24'
10
26
51
bye.
