Initializing avm...
Ready.

ERROR: unrecognized bytecode: '24'
-> 1
-> 2
args=> 1, 2
-> 1
-> 2
-> 3
args=> 1, 2, 3
-> 1
-> 2
-> 3
-> 4
args=> 1, 2, 3, 4
-> 1
-> 2
-> 3
-> 4
-> 5
args=> 1, 2, 3, 4, 5
-> 1
-> 2
-> 3
-> 4
-> 5
-> 6
args=> 1, 2, 3, 4, 5, 6
bye.
