Initializing avm...
Ready.

5
11
6
3
7
11
16
22
bye.
