Initializing avm...
Ready.

ERROR: unrecognized bytecode: '23'
==> 5
==> 11
==> 6
bye.
