Initializing avm...
Ready.

12
12
12
12
12
2
12
2
bye.
