Initializing avm...
Ready.

calling ftest:
1
3
returned:
4
bye.
