Initializing avm...
Ready.

1
2
3
4
1
-> 11
-> 33
-> 33
11
33
33
bye.
