Initializing avm...
Ready.

a
1
b
2
c
3
2
4
6
ok
x = 
50
0
1
0
bye.
