Initializing avm...
Ready.

0
0
1
2
0
11
22
33
0
bye.
