Initializing avm...
Ready.

1
2
3
4
5
6
7
8
9
10
0
1
2
10
11
12
20
21
22
bye.
